// Jest Snapshot v1, https://goo.gl/fbAQLP

exports[`MainPane component renders correctly 1`] = `
<article
  className="MainPane"
>
  <header
    className="MainPane__header"
  >
    <h2
      dangerouslySetInnerHTML={
        Object {
          "__html": "&nbsp;",
        }
      }
    />
    <div
      className="MainPane__site-info"
    >
      <div>
        <span
          className="MainPane__site-info-key"
        >
          URL:
        </span>
         
        <a
          href={undefined}
        />
      </div>
    </div>
  </header>
  <section
    className="MainPane__section"
  >
    <h3>
      By the Numbers
    </h3>
    <div
      className="MainPane__stats"
    >
      <div
        className="MainPane__stat-container"
      >
        <div
          className="MainPane__stat"
        >
          <h4
            className="MainPane__stat-title"
          >
            Posts
          </h4>
          <div
            className="MainPane__stat-number"
          >
            -
          </div>
        </div>
      </div>
      <div
        className="MainPane__stat-container"
      >
        <div
          className="MainPane__stat"
        >
          <h4
            className="MainPane__stat-title"
          >
            Pages
          </h4>
          <div
            className="MainPane__stat-number"
          >
            -
          </div>
        </div>
      </div>
      <div
        className="MainPane__stat-container"
      >
        <div
          className="MainPane__stat"
        >
          <h4
            className="MainPane__stat-title"
          >
            Users
          </h4>
          <div
            className="MainPane__stat-number"
          >
            -
          </div>
        </div>
      </div>
      <div
        className="MainPane__stat-container"
      >
        <div
          className="MainPane__stat"
        >
          <h4
            className="MainPane__stat-title"
          >
            Comments
          </h4>
          <div
            className="MainPane__stat-number"
          >
            -
          </div>
        </div>
      </div>
    </div>
  </section>
</article>
`;

exports[`MainPane component renders correctly with no footer 1`] = `
<article
  className="MainPane"
>
  <header
    className="MainPane__header"
  >
    <h2
      dangerouslySetInnerHTML={
        Object {
          "__html": "&nbsp;",
        }
      }
    />
    <div
      className="MainPane__site-info"
    >
      <div>
        <span
          className="MainPane__site-info-key"
        >
          URL:
        </span>
         
        <a
          href={undefined}
        />
      </div>
    </div>
  </header>
  <section
    className="MainPane__section"
  >
    <h3>
      By the Numbers
    </h3>
    <div
      className="MainPane__stats"
    >
      <div
        className="MainPane__stat-container"
      >
        <div
          className="MainPane__stat"
        >
          <h4
            className="MainPane__stat-title"
          >
            Posts
          </h4>
          <div
            className="MainPane__stat-number"
          >
            -
          </div>
        </div>
      </div>
      <div
        className="MainPane__stat-container"
      >
        <div
          className="MainPane__stat"
        >
          <h4
            className="MainPane__stat-title"
          >
            Pages
          </h4>
          <div
            className="MainPane__stat-number"
          >
            -
          </div>
        </div>
      </div>
      <div
        className="MainPane__stat-container"
      >
        <div
          className="MainPane__stat"
        >
          <h4
            className="MainPane__stat-title"
          >
            Users
          </h4>
          <div
            className="MainPane__stat-number"
          >
            -
          </div>
        </div>
      </div>
      <div
        className="MainPane__stat-container"
      >
        <div
          className="MainPane__stat"
        >
          <h4
            className="MainPane__stat-title"
          >
            Comments
          </h4>
          <div
            className="MainPane__stat-number"
          >
            -
          </div>
        </div>
      </div>
    </div>
  </section>
</article>
`;
