// Jest Snapshot v1, https://goo.gl/fbAQLP

exports[`SiteSelector renders 1`] = `
<label>
  Sites:
   
  <select
    className="SiteSelector"
    onChange={[Function]}
    value={undefined}
  >
    <option
      value="1"
    >
      wpmu/
    </option>
    <option
      value="2"
    >
      wpmu/my-site/
    </option>
    <option
      value="3"
    >
      wpmu/another-site/
    </option>
    <option
      value="4"
    >
      wpmu/cool-site/
    </option>
    <option
      value="5"
    >
      wpmu/another-cool-site/
    </option>
    <option
      value="6"
    >
      wpmu/better-site/
    </option>
    <option
      value="7"
    >
      wpmu/best-site/
    </option>
  </select>
</label>
`;
